---
http_interactions:
- request:
    method: post
    uri: https://api.mc.lolipop.jp/v1/authenticate
    body:
      encoding: UTF-8
      string: '{"username":"<USERNAME>","password":"<PASSWORD>"}'
    headers:
      User-Agent:
      - lolp/0.6.0 (+https://github.com/pepabo/lolp.rb; ruby2.6.2)
      Content-Type:
      - application/json
  response:
    status:
      code: 200
      message: OK
    headers:
      date:
      - Mon, 24 Jun 2019 05:47:34 GMT
      connection:
      - close
      content-length:
      - '319'
      content-type:
      - application/json; charset=utf-8
      access-control-allow-origin:
      - "*"
      access-control-allow-headers:
      - Origin, X-Requested-With, Content-Type, Accept
      strict-transport-security:
      - max-age=31536000; includeSubDomains
      x-frame-options:
      - SAMEORIGIN
      x-xss-protection:
      - 1; mode=block
      x-content-type-options:
      - nosniff
      x-ohr-status:
      - m, 31365, 20190624-054054.298, 401.847
      content-security-policy:
      - 'connect-src ''self'' https://vc.hotjar.io https://*.hotjar.com:* wss://*.hotjar.com
        https://www.google-analytics.com; default-src ''self''; font-src ''self''
        data: https://fonts.gstatic.com https://use.fontawesome.com https://static.hotjar.com
        https://pro.fontawesome.com; frame-src ''self'' https://bid.g.doubleclick.net
        https://optimize.google.com https://www.youtube.com https://social-plugins.line.me
        https://vars.hotjar.com https://www.facebook.com; img-src ''self'' data: https://optimize.google.com
        https://ssl.gstatic.com https://stats.g.doubleclick.net https://www.google-analytics.com
        https://www.google.co.jp https://www.google.com https://www.gstatic.com https://www.googletagmanager.com
        https://s.gravatar.com https://cache.img.gmo.jp https://social-plugins.line.me
        https://insights.hotjar.com https://static.hotjar.com https://px.a8.net https://www.googleadservices.com
        https://googleads.g.doubleclick.net https://tpc.googlesyndication.com https://*.yahoo.co.jp
        https://s.yimg.jp https://www.facebook.com; manifest-src ''self''; script-src
        ''self'' ''unsafe-inline'' https://optimize.google.com https://storage.googleapis.com
        https://tagmanager.google.com https://www.google-analytics.com https://www.googletagmanager.com
        https://cache.img.gmo.jp https://p01.mul-pay.jp https://pt01.mul-pay.jp https://in.treasuredata.com
        https://d.line-scdn.net https://static.hotjar.com https://script.hotjar.com
        https://statics.a8.net https://www.googleadservices.com https://googleads.g.doubleclick.net
        https://tpc.googlesyndication.com https://*.yahoo.co.jp https://s.yimg.jp
        https://cdn.taboola.com https://*.adroll.com https://connect.facebook.net
        https://pro.fontawesome.com https://cdn.jsdelivr.net; style-src ''self'' ''unsafe-inline''
        https://fonts.googleapis.com https://optimize.google.com https://tagmanager.google.com
        https://use.fontawesome.com https://cache.img.gmo.jp https://pro.fontawesome.com'
      cache-control:
      - no-store
      etag:
      - W/"13f-cao3u6iqZMPDvGtyCgAlmz3S3Vg"
      front-end-https:
      - 'on'
    body:
      encoding: UTF-8
      string: '"eyJ0eXAiOiJKV1QiLCJhbGciOiJIUzI1NiJ9.eyJzdWIiOiI3NTA4N2U4NC02YjZiLTRlOGYtYTU2Ny03YmEwOGJmYTMwZTAiLCJpYXQiOjE1NjEzNTUyNTQsImV4cCI6MTU2MjU2NDg1NCwidXNlcklkIjoiYmJlZjI2MTMtZTI4Yi00MDUyLWJlZmEtODVhNWU3NzVkNzUyIiwidXNlcl9pZCI6ImJiZWYyNjEzLWUyOGItNDA1Mi1iZWZhLTg1YTVlNzc1ZDc1MiJ9.0ZCxmMwegBB_u6peBWUGJMajxlMp4P9wWXoj37hGCf4"'
    http_version: 
  recorded_at: Mon, 24 Jun 2019 05:47:34 GMT
- request:
    method: post
    uri: https://api.mc.lolipop.jp/v1/projects
    body:
      encoding: UTF-8
      string: '{"payload":{"username":"foobar","password":"FoobarSecretPW123$#","email":"foobar@example.com"},"type":"wordpress"}'
    headers:
      User-Agent:
      - lolp/0.6.0 (+https://github.com/pepabo/lolp.rb; ruby2.6.2)
      Content-Type:
      - application/json
      Authorization:
      - Bearer <TOKEN>
  response:
    status:
      code: 201
      message: Created
    headers:
      date:
      - Mon, 24 Jun 2019 05:47:35 GMT
      connection:
      - close
      content-length:
      - '122'
      content-type:
      - application/json; charset=utf-8
      access-control-allow-origin:
      - "*"
      access-control-allow-headers:
      - Origin, X-Requested-With, Content-Type, Accept
      strict-transport-security:
      - max-age=31536000; includeSubDomains
      x-frame-options:
      - SAMEORIGIN
      x-xss-protection:
      - 1; mode=block
      x-content-type-options:
      - nosniff
      x-ohr-status:
      - m, 23077, 20190624-054051.569, 404.816
      content-security-policy:
      - 'connect-src ''self'' https://vc.hotjar.io https://*.hotjar.com:* wss://*.hotjar.com
        https://www.google-analytics.com; default-src ''self''; font-src ''self''
        data: https://fonts.gstatic.com https://use.fontawesome.com https://static.hotjar.com
        https://pro.fontawesome.com; frame-src ''self'' https://bid.g.doubleclick.net
        https://optimize.google.com https://www.youtube.com https://social-plugins.line.me
        https://vars.hotjar.com https://www.facebook.com; img-src ''self'' data: https://optimize.google.com
        https://ssl.gstatic.com https://stats.g.doubleclick.net https://www.google-analytics.com
        https://www.google.co.jp https://www.google.com https://www.gstatic.com https://www.googletagmanager.com
        https://s.gravatar.com https://cache.img.gmo.jp https://social-plugins.line.me
        https://insights.hotjar.com https://static.hotjar.com https://px.a8.net https://www.googleadservices.com
        https://googleads.g.doubleclick.net https://tpc.googlesyndication.com https://*.yahoo.co.jp
        https://s.yimg.jp https://www.facebook.com; manifest-src ''self''; script-src
        ''self'' ''unsafe-inline'' https://optimize.google.com https://storage.googleapis.com
        https://tagmanager.google.com https://www.google-analytics.com https://www.googletagmanager.com
        https://cache.img.gmo.jp https://p01.mul-pay.jp https://pt01.mul-pay.jp https://in.treasuredata.com
        https://d.line-scdn.net https://static.hotjar.com https://script.hotjar.com
        https://statics.a8.net https://www.googleadservices.com https://googleads.g.doubleclick.net
        https://tpc.googlesyndication.com https://*.yahoo.co.jp https://s.yimg.jp
        https://cdn.taboola.com https://*.adroll.com https://connect.facebook.net
        https://pro.fontawesome.com https://cdn.jsdelivr.net; style-src ''self'' ''unsafe-inline''
        https://fonts.googleapis.com https://optimize.google.com https://tagmanager.google.com
        https://use.fontawesome.com https://cache.img.gmo.jp https://pro.fontawesome.com'
      cache-control:
      - no-store
      etag:
      - W/"7a-FAZ5Jl0VeMEZEEu+b+LfVwee1KI"
      front-end-https:
      - 'on'
    body:
      encoding: UTF-8
      string: '{"id":"a4772e6e-8d8f-42c0-95aa-d2ff8f15768a","domain":"dawn-kirishima-7553.lolipop.io","sub_domain":"dawn-kirishima-7553"}'
    http_version: 
  recorded_at: Mon, 24 Jun 2019 05:47:35 GMT
- request:
    method: get
    uri: https://api.mc.lolipop.jp/v1/projects/dawn-kirishima-7553.lolipop.io/storage
    body:
      encoding: US-ASCII
      string: ''
    headers:
      User-Agent:
      - lolp/0.6.0 (+https://github.com/pepabo/lolp.rb; ruby2.6.2)
      Content-Type:
      - application/json
      Authorization:
      - Bearer <TOKEN>
  response:
    status:
      code: 503
      message: Service Unavailable
    headers:
      date:
      - Mon, 24 Jun 2019 05:47:35 GMT
      connection:
      - close
      content-length:
      - '19'
      content-type:
      - text/plain; charset=utf-8
      access-control-allow-origin:
      - "*"
      access-control-allow-headers:
      - Origin, X-Requested-With, Content-Type, Accept
      strict-transport-security:
      - max-age=31536000; includeSubDomains
      x-frame-options:
      - SAMEORIGIN
      x-xss-protection:
      - 1; mode=block
      x-content-type-options:
      - nosniff
      x-ohr-status:
      - m, 20536, 20190624-054051.687, 405.732
      content-security-policy:
      - 'connect-src ''self'' https://vc.hotjar.io https://*.hotjar.com:* wss://*.hotjar.com
        https://www.google-analytics.com; default-src ''self''; font-src ''self''
        data: https://fonts.gstatic.com https://use.fontawesome.com https://static.hotjar.com
        https://pro.fontawesome.com; frame-src ''self'' https://bid.g.doubleclick.net
        https://optimize.google.com https://www.youtube.com https://social-plugins.line.me
        https://vars.hotjar.com https://www.facebook.com; img-src ''self'' data: https://optimize.google.com
        https://ssl.gstatic.com https://stats.g.doubleclick.net https://www.google-analytics.com
        https://www.google.co.jp https://www.google.com https://www.gstatic.com https://www.googletagmanager.com
        https://s.gravatar.com https://cache.img.gmo.jp https://social-plugins.line.me
        https://insights.hotjar.com https://static.hotjar.com https://px.a8.net https://www.googleadservices.com
        https://googleads.g.doubleclick.net https://tpc.googlesyndication.com https://*.yahoo.co.jp
        https://s.yimg.jp https://www.facebook.com; manifest-src ''self''; script-src
        ''self'' ''unsafe-inline'' https://optimize.google.com https://storage.googleapis.com
        https://tagmanager.google.com https://www.google-analytics.com https://www.googletagmanager.com
        https://cache.img.gmo.jp https://p01.mul-pay.jp https://pt01.mul-pay.jp https://in.treasuredata.com
        https://d.line-scdn.net https://static.hotjar.com https://script.hotjar.com
        https://statics.a8.net https://www.googleadservices.com https://googleads.g.doubleclick.net
        https://tpc.googlesyndication.com https://*.yahoo.co.jp https://s.yimg.jp
        https://cdn.taboola.com https://*.adroll.com https://connect.facebook.net
        https://pro.fontawesome.com https://cdn.jsdelivr.net; style-src ''self'' ''unsafe-inline''
        https://fonts.googleapis.com https://optimize.google.com https://tagmanager.google.com
        https://use.fontawesome.com https://cache.img.gmo.jp https://pro.fontawesome.com'
      cache-control:
      - no-store
      etag:
      - W/"13-/70LdyMNgL+PAJa+Q/RtnRF82z8"
    body:
      encoding: UTF-8
      string: Service Unavailable
    http_version: 
  recorded_at: Mon, 24 Jun 2019 05:47:35 GMT
recorded_with: VCR 5.0.0
